# 10

## 82727

harddisk.  `00R` から rename した．

pin 損傷．

## 83025

pin を直した．接續できた．認識した．

```

Disk /dev/sdc: 76.7 GiB, 82348277760 bytes, 160836480 sectors
Units: sectors of 1 * 512 = 512 bytes
Sector size (logical/physical): 512 bytes / 512 bytes
I/O size (minimum/optimal): 512 bytes / 512 bytes
Disklabel type: dos
Disk identifier: 0x030f2d5b

Device     Boot    Start      End  Sectors   Size Id Type
/dev/sdc1  *       16065  4112639  4096575     2G  5 Extended
/dev/sdc2       24595515 64741949 40146435  19.1G 83 Linux
/dev/sdc3        4112640 24595514 20482875   9.8G  c W95 FAT32 (LBA)
/dev/sdc4       64741950 66043214  1301265 635.4M 82 Linux swap / Solaris
/dev/sdc5          16128  4112639  4096512     2G  b W95 FAT32

Partition table entries are not in disk order.
```

```
i=1; sudo ddrescue -n -v -r3 /dev/sdc"$1" mnt/25/10/"$1".iso mnt/25/10/"$1".log                                                                        
GNU ddrescue 1.19
About to copy 82348 MBytes from /dev/sdc to mnt/25/10/.iso.
    Starting positions: infile = 0 B,  outfile = 0 B
    Copy block size: 128 sectors       Initial skip size: 128 sectors
Sector size: 512 Bytes

Press Ctrl-C to interrupt
rescued:    82348 MB,  errsize:       0 B,  current rate:   28442 kB/s
   ipos:    82348 MB,   errors:       0,    average rate:   29912 kB/s
   opos:    82348 MB, run time:   45.88 m,  successful read:       0 s ago
Finished                                     
```

```
i=2; sudo ddrescue -n -v -r3 /dev/sdc"$1" mnt/25/10/"$1".iso mnt/25/10/"$1".log
[sudo] password for ieremius:
GNU ddrescue 1.19
About to copy 82348 MBytes from /dev/sdc to mnt/25/10/.iso.
    Starting positions: infile = 0 B,  outfile = 0 B
    Copy block size: 128 sectors       Initial skip size: 128 sectors
Sector size: 512 Bytes

Press Ctrl-C to interrupt
Initial status (read from logfile)
rescued:    82348 MB,  errsize:       0 B,  errors:       0

Current status
rescued:    82348 MB,  errsize:       0 B,  current rate:        0 B/s
   ipos:         0 B,   errors:       0,    average rate:        0 B/s
   opos:         0 B, run time:       0 s,  successful read:       0 s ago
Finished
```

```
i=1; sudo ddrescue -n -v -r3 /dev/sdc"$i" mnt/25/10/"$i".iso mnt/25/10/"$i".log                                                                        
GNU ddrescue 1.19
About to copy 1024 Bytes from /dev/sdc1 to mnt/25/10/1.iso.
    Starting positions: infile = 0 B,  outfile = 0 B
    Copy block size: 128 sectors       Initial skip size: 128 sectors
Sector size: 512 Bytes

Press Ctrl-C to interrupt
rescued:      1024 B,  errsize:       0 B,  current rate:      146 B/s
   ipos:         0 B,   errors:       0,    average rate:      146 B/s
   opos:         0 B, run time:       7 s,  successful read:       0 s ago
Finished                                     
```

```
i=2; sudo ddrescue -n -v -r3 /dev/sdc"$i" mnt/25/10/"$i".iso mnt/25/10/"$i".log                                                                        
GNU ddrescue 1.19
About to copy 20554 MBytes from /dev/sdc2 to mnt/25/10/2.iso.
    Starting positions: infile = 0 B,  outfile = 0 B
    Copy block size: 128 sectors       Initial skip size: 128 sectors
Sector size: 512 Bytes

Press Ctrl-C to interrupt
rescued:    20554 MB,  errsize:       0 B,  current rate:   19203 kB/s
   ipos:    20554 MB,   errors:       0,    average rate:   29406 kB/s
   opos:    20554 MB, run time:   11.65 m,  successful read:       0 s ago
Finished                                     
```
```
i=3; sudo ddrescue -n -v -r3 /dev/sdc"$i" mnt/25/10/"$i".iso mnt/25/10/"$i".log                                                                        
[sudo] password for ieremius:
GNU ddrescue 1.19
About to copy 10487 MBytes from /dev/sdc3 to mnt/25/10/3.iso.
    Starting positions: infile = 0 B,  outfile = 0 B
    Copy block size: 128 sectors       Initial skip size: 128 sectors
Sector size: 512 Bytes

Press Ctrl-C to interrupt
rescued:    10487 MB,  errsize:       0 B,  current rate:   14251 kB/s
   ipos:    10487 MB,   errors:       0,    average rate:   26549 kB/s
   opos:    10487 MB, run time:    6.58 m,  successful read:       0 s ago
Finished                                     
```

```
i=4; sudo ddrescue -n -v -r3 /dev/sdc"$i" mnt/25/10/"$i".iso mnt/25/10/"$i".log                                                                        
GNU ddrescue 1.19
About to copy 666247 kBytes from /dev/sdc4 to mnt/25/10/4.iso.
    Starting positions: infile = 0 B,  outfile = 0 B
    Copy block size: 128 sectors       Initial skip size: 128 sectors
Sector size: 512 Bytes

Press Ctrl-C to interrupt
rescued:   666247 kB,  errsize:       0 B,  current rate:   19997 kB/s
   ipos:   666238 kB,   errors:       0,    average rate:   30283 kB/s
   opos:   666238 kB, run time:      22 s,  successful read:       0 s ago
Finished                                     
```

```
i=5; sudo ddrescue -n -v -r3 /dev/sdc"$i" mnt/25/10/"$i".iso mnt/25/10/"$i".log                                                                        
GNU ddrescue 1.19
About to copy 2097 MBytes from /dev/sdc5 to mnt/25/10/5.iso.
    Starting positions: infile = 0 B,  outfile = 0 B
    Copy block size: 128 sectors       Initial skip size: 128 sectors
Sector size: 512 Bytes

Press Ctrl-C to interrupt
rescued:     2097 MB,  errsize:       0 B,  current rate:    3866 kB/s
   ipos:     2097 MB,   errors:       0,    average rate:   18561 kB/s
   opos:     2097 MB, run time:    1.88 m,  successful read:       0 s ago
Finished                                     
```

```
sudo mount /dev/sdc1 mnt/0
NTFS signature is missing.
Failed to mount '/dev/sdc1': Invalid argument
The device '/dev/sdc1' doesn't seem to have a valid NTFS.
Maybe the wrong device is used? Or the whole disk instead of a
partition (e.g. /dev/sda, not /dev/sda1)? Or the other way around?
```

```
sudo cp -r /home/ieremius/mnt/25/10 /mnt/iso/2digits                                                                                                   
cp: failed to close '/mnt/iso/2digits/10/2.iso': Bad file descriptor
cp: failed to close '/mnt/iso/2digits/10/3.iso': Bad file descriptor
```

```
i=1; md5sum mnt/25/10/"$i".iso; md5sum /mnt/iso/2digits/10/"$i".iso                                                                                    
e7e47a532c8fa123380464edf633626c  mnt/25/10/1.iso
e7e47a532c8fa123380464edf633626c  /mnt/iso/2digits/10/1.iso
```

```
i=2; md5sum mnt/25/10/"$i".iso; md5sum /mnt/iso/2digits/10/"$i".iso                                                                                    
84f68942bd2dbad481918e8d57ac85c5  mnt/25/10/2.iso
14433fa9048db4a940a93795643b04b6  /mnt/iso/2digits/10/2.iso
```

```
i=3; md5sum mnt/25/10/"$i".iso; md5sum /mnt/iso/2digits/10/"$i".iso
ad86a86ceb17cf951d0f23a55dbad083  mnt/25/10/3.iso
848c0291defb8a0d26c838f79b728777  /mnt/iso/2digits/10/3.iso
```

```
i=4; md5sum mnt/25/10/"$i".iso; md5sum /mnt/iso/2digits/10/"$i".iso                                                                                    
8e1da99aa5a2566865730b99fbb06017  mnt/25/10/4.iso
8e1da99aa5a2566865730b99fbb06017  /mnt/iso/2digits/10/4.iso
```

```
i=5; md5sum mnt/25/10/"$i".iso; md5sum /mnt/iso/2digits/10/"$i".iso
f011cb59885b3c896243efc3add3b4d2  mnt/25/10/5.iso
f011cb59885b3c896243efc3add3b4d2  /mnt/iso/2digits/10/5.iso
```

## 83027

```
sudo cp -r /home/ieremius/mnt/25/10 /mnt/iso/2digits                                                                                                   
cp: failed to close '/mnt/iso/2digits/10/2.iso': Bad file descriptor
cp: failed to close '/mnt/iso/2digits/10/3.iso': Bad file descriptor
```

```
i=1; md5sum mnt/25/10/"$i".iso; md5sum /mnt/iso/2digits/10/"$i".iso                                                                                    
e7e47a532c8fa123380464edf633626c  mnt/25/10/1.iso
e7e47a532c8fa123380464edf633626c  /mnt/iso/2digits/10/1.iso
```

```
i=2; md5sum mnt/25/10/"$i".iso; md5sum /mnt/iso/2digits/10/"$i".iso                                                                                    
84f68942bd2dbad481918e8d57ac85c5  mnt/25/10/2.iso
14433fa9048db4a940a93795643b04b6  /mnt/iso/2digits/10/2.iso
```

## 83029

```
i=3; md5sum mnt/25/10/"$i".iso; md5sum /mnt/iso/2digits/10/"$i".iso
ad86a86ceb17cf951d0f23a55dbad083  mnt/25/10/3.iso
848c0291defb8a0d26c838f79b728777  /mnt/iso/2digits/10/3.iso
```
```
i=4; md5sum mnt/25/10/"$i".iso; md5sum /mnt/iso/2digits/10/"$i".iso                                                                                    
8e1da99aa5a2566865730b99fbb06017  mnt/25/10/4.iso
8e1da99aa5a2566865730b99fbb06017  /mnt/iso/2digits/10/4.iso
```
```
i=5; md5sum mnt/25/10/"$i".iso; md5sum /mnt/iso/2digits/10/"$i".iso                                                                                    
f011cb59885b3c896243efc3add3b4d2  mnt/25/10/5.iso
f011cb59885b3c896243efc3add3b4d2  /mnt/iso/2digits/10/5.iso
```

```
md5sum /mnt/iso/2digits/10/?_1.iso                                                                                                                     
84f68942bd2dbad481918e8d57ac85c5  /mnt/iso/2digits/10/2_1.iso
ad86a86ceb17cf951d0f23a55dbad083  /mnt/iso/2digits/10/3_1.iso
```

## 83035

```
sudo mount /mnt/iso/2digits/10/1.iso mnt/0
[sudo] password for ieremius:
mount: /mnt/iso/2digits/10/1.iso is not a block device (maybe try `-o loop'?)
```

```
sudo mount /mnt/iso/2digits/10/2.iso mnt/0                                                                                                             
mount: wrong fs type, bad option, bad superblock on /dev/loop0,
       missing codepage or helper program, or other error

       In some cases useful info is found in syslog - try
       dmesg | tail or so.
```

```
sudo mount /mnt/iso/2digits/10/4.iso mnt/0
mount: unknown filesystem type 'swap'
```

`2_1.iso`, `3_1.iso`, `5.iso` を mount できた．中身も概ね揃つてゐる．

# 11

## 82727

harddisk.  `00m` から rename した．

## 82735

```
sudo ddrescue -n -v -r3 /dev/loop0 mnt/25/11/0.iso mnt/25/11/0.log
GNU ddrescue 1.19
About to copy 39004 MBytes from /dev/loop0 to mnt/25/11/0.iso.
    Starting positions: infile = 0 B,  outfile = 0 B
    Copy block size: 128 sectors       Initial skip size: 128 sectors
Sector size: 512 Bytes

Press Ctrl-C to interrupt
rescued:    39004 MB,  errsize:       0 B,  current rate:    6360 kB/s
   ipos:    39004 MB,   errors:       0,    average rate:   15200 kB/s
   opos:    39004 MB, run time:   42.76 m,  successful read:       0 s ago
Finished                                     
ieremius x220a /home/ieremius
sudo ddrescue -n -v -r3 /dev/loop1 mnt/25/11/1.iso mnt/25/11/1.log                                                                                     
[sudo] password for ieremius:
GNU ddrescue 1.19
About to copy an unknown number of Bytes from /dev/loop1 to mnt/25/11/1.iso.
    Starting positions: infile = 0 B,  outfile = 0 B
    Copy block size: 128 sectors       Initial skip size: 128 sectors
Sector size: 512 Bytes

Press Ctrl-C to interrupt
rescued:         0 B,  errsize:       0 B,  current rate:        0 B/s
   ipos:         0 B,   errors:       0,    average rate:        0 B/s
   opos:         0 B, run time:       1 s,  successful read:       1 s ago
Finished                                 
```

```
sudo mount -o ro /dev/loop1 mnt/0
mount: /dev/loop1: can't read superblock
```

`0.iso` を mount できた．中身も概ね揃っている．

```
sudo mount -o ro mnt/25/11/1.iso  mnt/0                                                                                                                
mount: /home/ieremius/mnt/25/11/1.iso is not a block device (maybe try `-o loop'?)
```

```
sudo mount -o loop /dev/loop1 mnt/0                                                                                                                    
mount: /dev/loop1: failed to setup loop device: Invalid argument
```

```
[73474.434272] EXT4-fs (loop0): mounting ext3 file system using the ext4 subsystem
[73474.467207] EXT4-fs (loop0): mounted filesystem with ordered data mode. Opts: (null)
[73603.778481] print_req_error: I/O error, dev loop1, sector 2
[73603.778493] EXT4-fs (loop1): unable to read superblock
[73603.778566] print_req_error: I/O error, dev loop1, sector 2
[73603.778572] EXT4-fs (loop1): unable to read superblock
[73603.778617] print_req_error: I/O error, dev loop1, sector 2
[73603.778622] EXT4-fs (loop1): unable to read superblock
[73603.778663] print_req_error: I/O error, dev loop1, sector 0
[73603.778668] SQUASHFS error: squashfs_read_data failed to read block 0x0
[73603.778670] squashfs: SQUASHFS error: unable to read squashfs_super_block
```

## 82861

`17`, `18` で Linux につないだが dmesg で unit not ready. fdisk でも認識されない．

## 83023

`19` .. `21` でも同樣．

## 83029

jumper を master で `19`, `18` で接續すると

```
[519019.995832] usb 2-1.2: new high-speed USB device number 19 using ehci-pci
[519020.105176] usb 2-1.2: New USB device found, idVendor=13fd, idProduct=1040
[519020.105181] usb 2-1.2: New USB device strings: Mfr=1, Product=2, SerialNumber=3
[519020.105183] usb 2-1.2: Product: Ø»_zÒü¡A¡Äqf\xffffffc2\xffffff8bÕG
[519020.105185] usb 2-1.2: Manufacturer: Initio
[519020.105187] usb 2-1.2: SerialNumber: 00000000000000000
[519020.105633] usb-storage 2-1.2:1.0: USB Mass Storage device detected
[519020.106453] scsi host7: usb-storage 2-1.2:1.0
[519021.128530] scsi host7: scsi scan: INQUIRY result too short (5), using 36
[519021.128534] scsi 7:0:0:0: Direct-Access                                    PQ: 0 ANSI: 0
[519021.128792] sd 7:0:0:0: Attached scsi generic sg2 type 0
[519021.133047] sd 7:0:0:0: [sdc] Sector size 0 reported, assuming 512.
[519021.133052] sd 7:0:0:0: [sdc] 1 512-byte logical blocks: (512 B/512 B)
[519021.133054] sd 7:0:0:0: [sdc] 0-byte physical blocks
[519021.134545] sd 7:0:0:0: [sdc] Write Protect is off
[519021.134549] sd 7:0:0:0: [sdc] Mode Sense: 00 00 00 00
[519021.136052] sd 7:0:0:0: [sdc] Asking for cache data failed
[519021.136059] sd 7:0:0:0: [sdc] Assuming drive cache: write through
[519021.139288] sd 7:0:0:0: [sdc] Sector size 0 reported, assuming 512.
[519021.177277] sd 7:0:0:0: [sdc] tag#0 FAILED Result: hostbyte=DID_OK driverbyte=DRIVER_SENSE
[519021.177280] sd 7:0:0:0: [sdc] tag#0 Sense Key : Medium Error [current]
[519021.177281] sd 7:0:0:0: [sdc] tag#0 Add. Sense: Recorded entity not found
[519021.177283] sd 7:0:0:0: [sdc] tag#0 CDB: Read(10) 28 00 00 00 00 00 00 00 01 00
[519021.177285] print_req_error: critical medium error, dev sdc, sector 0
[519021.177288] Buffer I/O error on dev sdc, logical block 0, async page read
[519021.209279] sd 7:0:0:0: [sdc] tag#0 FAILED Result: hostbyte=DID_OK driverbyte=DRIVER_SENSE
[519021.209282] sd 7:0:0:0: [sdc] tag#0 Sense Key : Medium Error [current]
[519021.209284] sd 7:0:0:0: [sdc] tag#0 Add. Sense: Recorded entity not found
[519021.209286] sd 7:0:0:0: [sdc] tag#0 CDB: Read(10) 28 00 00 00 00 00 00 00 01 00
[519021.209287] print_req_error: critical medium error, dev sdc, sector 0
[519021.209291] Buffer I/O error on dev sdc, logical block 0, async page read
[519021.245276] sd 7:0:0:0: [sdc] tag#0 FAILED Result: hostbyte=DID_OK driverbyte=DRIVER_SENSE
[519021.245279] sd 7:0:0:0: [sdc] tag#0 Sense Key : Medium Error [current]
[519021.245280] sd 7:0:0:0: [sdc] tag#0 Add. Sense: Recorded entity not found
[519021.245282] sd 7:0:0:0: [sdc] tag#0 CDB: Read(10) 28 00 00 00 00 00 00 00 01 00
[519021.245284] print_req_error: critical medium error, dev sdc, sector 0
[519021.245288] Buffer I/O error on dev sdc, logical block 0, async page read
[519021.245288] Buffer I/O error on dev sdc, logical block 0, async page read                                                                 [56/1855]
[519021.245297] ldm_validate_partition_table(): Disk read failed.
[519021.282034] sd 7:0:0:0: [sdc] tag#0 FAILED Result: hostbyte=DID_OK driverbyte=DRIVER_SENSE
[519021.282038] sd 7:0:0:0: [sdc] tag#0 Sense Key : Medium Error [current]
[519021.282041] sd 7:0:0:0: [sdc] tag#0 Add. Sense: Recorded entity not found
[519021.282043] sd 7:0:0:0: [sdc] tag#0 CDB: Read(10) 28 00 00 00 00 00 00 00 01 00
[519021.282046] print_req_error: critical medium error, dev sdc, sector 0
[519021.282050] Buffer I/O error on dev sdc, logical block 0, async page read
[519021.313280] sd 7:0:0:0: [sdc] tag#0 FAILED Result: hostbyte=DID_OK driverbyte=DRIVER_SENSE
[519021.313283] sd 7:0:0:0: [sdc] tag#0 Sense Key : Medium Error [current]
[519021.313285] sd 7:0:0:0: [sdc] tag#0 Add. Sense: Recorded entity not found
[519021.313287] sd 7:0:0:0: [sdc] tag#0 CDB: Read(10) 28 00 00 00 00 00 00 00 01 00
[519021.313289] print_req_error: critical medium error, dev sdc, sector 0
[519021.313293] Buffer I/O error on dev sdc, logical block 0, async page read
[519021.349303] sd 7:0:0:0: [sdc] tag#0 FAILED Result: hostbyte=DID_OK driverbyte=DRIVER_SENSE
[519021.349310] sd 7:0:0:0: [sdc] tag#0 Sense Key : Medium Error [current]
[519021.349315] sd 7:0:0:0: [sdc] tag#0 Add. Sense: Recorded entity not found
[519021.349322] sd 7:0:0:0: [sdc] tag#0 CDB: Read(10) 28 00 00 00 00 00 00 00 01 00
[519021.349333] print_req_error: critical medium error, dev sdc, sector 0
[519021.349340] Buffer I/O error on dev sdc, logical block 0, async page read
[519021.385458] sd 7:0:0:0: [sdc] tag#0 FAILED Result: hostbyte=DID_OK driverbyte=DRIVER_SENSE
[519021.385466] sd 7:0:0:0: [sdc] tag#0 Sense Key : Medium Error [current]
[519021.385471] sd 7:0:0:0: [sdc] tag#0 Add. Sense: Recorded entity not found
[519021.385477] sd 7:0:0:0: [sdc] tag#0 CDB: Read(10) 28 00 00 00 00 00 00 00 01 00
[519021.385481] print_req_error: critical medium error, dev sdc, sector 0
[519021.385492] Buffer I/O error on dev sdc, logical block 0, async page read
[519021.385517] Dev sdc: unable to read RDB block 0
[519021.417284] sd 7:0:0:0: [sdc] tag#0 FAILED Result: hostbyte=DID_OK driverbyte=DRIVER_SENSE
[519021.417287] sd 7:0:0:0: [sdc] tag#0 Sense Key : Medium Error [current]
[519021.417289] sd 7:0:0:0: [sdc] tag#0 Add. Sense: Recorded entity not found
[519021.417292] sd 7:0:0:0: [sdc] tag#0 CDB: Read(10) 28 00 00 00 00 00 00 00 01 00
[519021.417293] print_req_error: critical medium error, dev sdc, sector 0
[519021.417299] Buffer I/O error on dev sdc, logical block 0, async page read
[519021.449418] sd 7:0:0:0: [sdc] tag#0 FAILED Result: hostbyte=DID_OK driverbyte=DRIVER_SENSE
[519021.449423] sd 7:0:0:0: [sdc] tag#0 Sense Key : Medium Error [current]
[519021.449426] sd 7:0:0:0: [sdc] tag#0 Add. Sense: Recorded entity not found
[519021.449432] sd 7:0:0:0: [sdc] tag#0 CDB: Read(10) 28 00 00 00 00 00 00 00 01 00
[519021.449435] print_req_error: critical medium error, dev sdc, sector 0
[519021.449444] Buffer I/O error on dev sdc, logical block 0, async page read                                                                 [18/1855]
[519021.481295] sd 7:0:0:0: [sdc] tag#0 FAILED Result: hostbyte=DID_OK driverbyte=DRIVER_SENSE
[519021.481300] sd 7:0:0:0: [sdc] tag#0 Sense Key : Medium Error [current]
[519021.481303] sd 7:0:0:0: [sdc] tag#0 Add. Sense: Recorded entity not found
[519021.481307] sd 7:0:0:0: [sdc] tag#0 CDB: Read(10) 28 00 00 00 00 00 00 00 01 00
[519021.481310] print_req_error: critical medium error, dev sdc, sector 0
[519021.481316] Buffer I/O error on dev sdc, logical block 0, async page read
[519021.513316]  sdc: unable to read partition table
[519021.513332] sdc: partition table beyond EOD, enabling native capacity
[519021.516568] sd 7:0:0:0: [sdc] Sector size 0 reported, assuming 512.
[519021.617830] ldm_validate_partition_table(): Disk read failed.
[519021.749311] Dev sdc: unable to read RDB block 0
[519021.881280]  sdc: unable to read partition table
[519021.881288] sdc: partition table beyond EOD, truncated
[519021.886416] sd 7:0:0:0: [sdc] Sector size 0 reported, assuming 512.
[519021.892031] sd 7:0:0:0: [sdc] Attached SCSI disk
[519060.141398] scsi_io_completion: 31 callbacks suppressed
[519060.141404] sd 7:0:0:0: [sdc] tag#0 FAILED Result: hostbyte=DID_OK driverbyte=DRIVER_SENSE
[519060.141407] sd 7:0:0:0: [sdc] tag#0 Sense Key : Medium Error [current]
[519060.141409] sd 7:0:0:0: [sdc] tag#0 Add. Sense: Recorded entity not found
[519060.141411] sd 7:0:0:0: [sdc] tag#0 CDB: Read(10) 28 00 00 00 00 00 00 00 01 00
[519060.141412] print_req_error: 31 callbacks suppressed
[519060.141413] print_req_error: critical medium error, dev sdc, sector 0
[519060.141418] buffer_io_error: 30 callbacks suppressed
[519060.141419] Buffer I/O error on dev sdc, logical block 0, async page read
[519060.173273] sd 7:0:0:0: [sdc] tag#0 FAILED Result: hostbyte=DID_OK driverbyte=DRIVER_SENSE
[519060.173276] sd 7:0:0:0: [sdc] tag#0 Sense Key : Medium Error [current]
[519060.173278] sd 7:0:0:0: [sdc] tag#0 Add. Sense: Recorded entity not found
[519060.173280] sd 7:0:0:0: [sdc] tag#0 CDB: Read(10) 28 00 00 00 00 00 00 00 01 00
[519060.173281] print_req_error: critical medium error, dev sdc, sector 0
[519060.173285] Buffer I/O error on dev sdc, logical block 0, async page read
[519066.369372] sd 7:0:0:0: [sdc] tag#0 FAILED Result: hostbyte=DID_OK driverbyte=DRIVER_SENSE
[519066.369376] sd 7:0:0:0: [sdc] tag#0 Sense Key : Medium Error [current]
[519066.369379] sd 7:0:0:0: [sdc] tag#0 Add. Sense: Recorded entity not found
[519066.369382] sd 7:0:0:0: [sdc] tag#0 CDB: Read(10) 28 00 00 00 00 00 00 00 01 00
[519066.369385] print_req_error: critical medium error, dev sdc, sector 0
[519066.369391] Buffer I/O error on dev sdc, logical block 0, async page read
[519066.401380] sd 7:0:0:0: [sdc] tag#0 FAILED Result: hostbyte=DID_OK driverbyte=DRIVER_SENSE
[519066.401386] sd 7:0:0:0: [sdc] tag#0 Sense Key : Medium Error [current]
[519066.401389] sd 7:0:0:0: [sdc] tag#0 Add. Sense: Recorded entity not found
[519066.401394] sd 7:0:0:0: [sdc] tag#0 CDB: Read(10) 28 00 00 00 00 00 00 00 01 00
[519066.401398] print_req_error: critical medium error, dev sdc, sector 0
[519066.401405] Buffer I/O error on dev sdc, logical block 0, async page read
[519117.549416] sd 7:0:0:0: [sdc] tag#0 FAILED Result: hostbyte=DID_OK driverbyte=DRIVER_SENSE
[519117.549421] sd 7:0:0:0: [sdc] tag#0 Sense Key : Medium Error [current]
[519117.549424] sd 7:0:0:0: [sdc] tag#0 Add. Sense: Recorded entity not found
[519117.549428] sd 7:0:0:0: [sdc] tag#0 CDB: Read(10) 28 00 00 00 00 00 00 00 01 00
[519117.549431] print_req_error: critical medium error, dev sdc, sector 0
[519117.549438] Buffer I/O error on dev sdc, logical block 0, async page read
[519117.581534] sd 7:0:0:0: [sdc] tag#0 FAILED Result: hostbyte=DID_OK driverbyte=DRIVER_SENSE
[519117.581538] sd 7:0:0:0: [sdc] tag#0 Sense Key : Medium Error [current]
[519117.581540] sd 7:0:0:0: [sdc] tag#0 Add. Sense: Recorded entity not found
[519117.581542] sd 7:0:0:0: [sdc] tag#0 CDB: Read(10) 28 00 00 00 00 00 00 00 01 00
[519117.581543] print_req_error: critical medium error, dev sdc, sector 0
[519117.581547] Buffer I/O error on dev sdc, logical block 0, async page read
```

となった．

slave では

```
[519419.311993] usb 2-1.2: new high-speed USB device number 20 using ehci-pci                                                                 [68/1961]
[519419.421430] usb 2-1.2: New USB device found, idVendor=13fd, idProduct=1040
[519419.421433] usb 2-1.2: New USB device strings: Mfr=1, Product=2, SerialNumber=3
[519419.421434] usb 2-1.2: Product: ð«zÒü±A¡Ì16\xffffffc2\xffffff8bÕG
[519419.421435] usb 2-1.2: Manufacturer: Initio
[519419.421436] usb 2-1.2: SerialNumber: 00000000000000000
[519419.421758] usb-storage 2-1.2:1.0: USB Mass Storage device detected
[519419.422758] scsi host7: usb-storage 2-1.2:1.0
[519420.456811] scsi host7: scsi scan: INQUIRY result too short (5), using 36
[519420.456815] scsi 7:0:0:0: Direct-Access                                    PQ: 0 ANSI: 0
[519420.457099] sd 7:0:0:0: Attached scsi generic sg2 type 0
[519420.461078] sd 7:0:0:0: [sdc] Sector size 0 reported, assuming 512.
[519420.461082] sd 7:0:0:0: [sdc] 1 512-byte logical blocks: (512 B/512 B)
[519420.461084] sd 7:0:0:0: [sdc] 0-byte physical blocks
[519420.462561] sd 7:0:0:0: [sdc] Write Protect is off
[519420.462564] sd 7:0:0:0: [sdc] Mode Sense: 00 00 00 00
[519420.463964] sd 7:0:0:0: [sdc] Asking for cache data failed
[519420.463972] sd 7:0:0:0: [sdc] Assuming drive cache: write through
[519420.467184] sd 7:0:0:0: [sdc] Sector size 0 reported, assuming 512.
[519420.505438] sd 7:0:0:0: [sdc] tag#0 FAILED Result: hostbyte=DID_OK driverbyte=DRIVER_SENSE
[519420.505445] sd 7:0:0:0: [sdc] tag#0 Sense Key : Medium Error [current]
[519420.505449] sd 7:0:0:0: [sdc] tag#0 Add. Sense: Recorded entity not found
[519420.505453] sd 7:0:0:0: [sdc] tag#0 CDB: Read(10) 28 00 00 00 00 00 00 00 01 00
[519420.505457] print_req_error: critical medium error, dev sdc, sector 0
[519420.505465] Buffer I/O error on dev sdc, logical block 0, async page read
[519420.538304] sd 7:0:0:0: [sdc] tag#0 FAILED Result: hostbyte=DID_OK driverbyte=DRIVER_SENSE
[519420.538308] sd 7:0:0:0: [sdc] tag#0 Sense Key : Medium Error [current]
[519420.538310] sd 7:0:0:0: [sdc] tag#0 Add. Sense: Recorded entity not found
[519420.538313] sd 7:0:0:0: [sdc] tag#0 CDB: Read(10) 28 00 00 00 00 00 00 00 01 00
[519420.538315] print_req_error: critical medium error, dev sdc, sector 0
[519420.538320] Buffer I/O error on dev sdc, logical block 0, async page read
[519420.573840] sd 7:0:0:0: [sdc] tag#0 FAILED Result: hostbyte=DID_OK driverbyte=DRIVER_SENSE
[519420.573845] sd 7:0:0:0: [sdc] tag#0 Sense Key : Medium Error [current]
[519420.573848] sd 7:0:0:0: [sdc] tag#0 Add. Sense: Recorded entity not found
[519420.573852] sd 7:0:0:0: [sdc] tag#0 CDB: Read(10) 28 00 00 00 00 00 00 00 01 00
[519420.573855] print_req_error: critical medium error, dev sdc, sector 0
[519420.573863] Buffer I/O error on dev sdc, logical block 0, async page read
[519420.573880] ldm_validate_partition_table(): Disk read failed.
[519420.608561] sd 7:0:0:0: [sdc] tag#0 FAILED Result: hostbyte=DID_OK driverbyte=DRIVER_SENSE
[519420.608566] sd 7:0:0:0: [sdc] tag#0 Sense Key : Medium Error [current]
[519420.608569] sd 7:0:0:0: [sdc] tag#0 Add. Sense: Recorded entity not found
[519420.608573] sd 7:0:0:0: [sdc] tag#0 CDB: Read(10) 28 00 00 00 00 00 00 00 01 00
[519420.608575] print_req_error: critical medium error, dev sdc, sector 0
[519420.608582] Buffer I/O error on dev sdc, logical block 0, async page read
[519420.641459] sd 7:0:0:0: [sdc] tag#0 FAILED Result: hostbyte=DID_OK driverbyte=DRIVER_SENSE
[519420.641467] sd 7:0:0:0: [sdc] tag#0 Sense Key : Medium Error [current]
[519420.641473] sd 7:0:0:0: [sdc] tag#0 Add. Sense: Recorded entity not found
[519420.641481] sd 7:0:0:0: [sdc] tag#0 CDB: Read(10) 28 00 00 00 00 00 00 00 01 00
[519420.641485] print_req_error: critical medium error, dev sdc, sector 0
[519420.641497] Buffer I/O error on dev sdc, logical block 0, async page read
[519420.673455] sd 7:0:0:0: [sdc] tag#0 FAILED Result: hostbyte=DID_OK driverbyte=DRIVER_SENSE
[519420.673461] sd 7:0:0:0: [sdc] tag#0 Sense Key : Medium Error [current]
[519420.673466] sd 7:0:0:0: [sdc] tag#0 Add. Sense: Recorded entity not found
[519420.673472] sd 7:0:0:0: [sdc] tag#0 CDB: Read(10) 28 00 00 00 00 00 00 00 01 00
[519420.673475] print_req_error: critical medium error, dev sdc, sector 0
[519420.673482] Buffer I/O error on dev sdc, logical block 0, async page read
[519420.705452] sd 7:0:0:0: [sdc] tag#0 FAILED Result: hostbyte=DID_OK driverbyte=DRIVER_SENSE
[519420.705470] sd 7:0:0:0: [sdc] tag#0 Sense Key : Medium Error [current]
[519420.705474] sd 7:0:0:0: [sdc] tag#0 Add. Sense: Recorded entity not found
[519420.705478] sd 7:0:0:0: [sdc] tag#0 CDB: Read(10) 28 00 00 00 00 00 00 00 01 00
[519420.705480] print_req_error: critical medium error, dev sdc, sector 0
[519420.705487] Buffer I/O error on dev sdc, logical block 0, async page read
[519420.705502] Dev sdc: unable to read RDB block 0
[519420.737446] sd 7:0:0:0: [sdc] tag#0 FAILED Result: hostbyte=DID_OK driverbyte=DRIVER_SENSE
[519420.737452] sd 7:0:0:0: [sdc] tag#0 Sense Key : Medium Error [current]
[519420.737455] sd 7:0:0:0: [sdc] tag#0 Add. Sense: Recorded entity not found
[519420.737460] sd 7:0:0:0: [sdc] tag#0 CDB: Read(10) 28 00 00 00 00 00 00 00 01 00
[519420.737463] print_req_error: critical medium error, dev sdc, sector 0
[519420.737472] Buffer I/O error on dev sdc, logical block 0, async page read
[519420.773815] sd 7:0:0:0: [sdc] tag#0 FAILED Result: hostbyte=DID_OK driverbyte=DRIVER_SENSE
[519420.773820] sd 7:0:0:0: [sdc] tag#0 Sense Key : Medium Error [current]
[519420.773823] sd 7:0:0:0: [sdc] tag#0 Add. Sense: Recorded entity not found
[519420.773826] sd 7:0:0:0: [sdc] tag#0 CDB: Read(10) 28 00 00 00 00 00 00 00 01 00
[519420.773829] print_req_error: critical medium error, dev sdc, sector 0
[519420.773836] Buffer I/O error on dev sdc, logical block 0, async page read
[519420.805436] sd 7:0:0:0: [sdc] tag#0 FAILED Result: hostbyte=DID_OK driverbyte=DRIVER_SENSE
[519420.805441] sd 7:0:0:0: [sdc] tag#0 Sense Key : Medium Error [current]
[519420.805444] sd 7:0:0:0: [sdc] tag#0 Add. Sense: Recorded entity not found
[519420.805448] sd 7:0:0:0: [sdc] tag#0 CDB: Read(10) 28 00 00 00 00 00 00 00 01 00
[519420.805451] print_req_error: critical medium error, dev sdc, sector 0
[519420.805458] Buffer I/O error on dev sdc, logical block 0, async page read
[519420.837845]  sdc: unable to read partition table
[519420.837854] sdc: partition table beyond EOD, enabling native capacity
[519420.841066] sd 7:0:0:0: [sdc] Sector size 0 reported, assuming 512.
[519420.941463] ldm_validate_partition_table(): Disk read failed.
[519421.077553] Dev sdc: unable to read RDB block 0
[519421.221434]  sdc: unable to read partition table
[519421.221447] sdc: partition table beyond EOD, truncated
[519421.226060] sd 7:0:0:0: [sdc] Sector size 0 reported, assuming 512.
[519421.230937] sd 7:0:0:0: [sdc] Attached SCSI disk
[519428.509757] scsi_io_completion: 31 callbacks suppressed
[519428.509764] sd 7:0:0:0: [sdc] tag#0 FAILED Result: hostbyte=DID_OK driverbyte=DRIVER_SENSE
[519428.509768] sd 7:0:0:0: [sdc] tag#0 Sense Key : Medium Error [current]
[519428.509771] sd 7:0:0:0: [sdc] tag#0 Add. Sense: Recorded entity not found
[519428.509776] sd 7:0:0:0: [sdc] tag#0 CDB: Read(10) 28 00 00 00 00 00 00 00 01 00
[519428.509786] print_req_error: 31 callbacks suppressed
[519428.509788] print_req_error: critical medium error, dev sdc, sector 0
[519428.509794] buffer_io_error: 30 callbacks suppressed
[519428.509795] Buffer I/O error on dev sdc, logical block 0, async page read
[519428.541882] sd 7:0:0:0: [sdc] tag#0 FAILED Result: hostbyte=DID_OK driverbyte=DRIVER_SENSE
[519428.541887] sd 7:0:0:0: [sdc] tag#0 Sense Key : Medium Error [current]
[519428.541889] sd 7:0:0:0: [sdc] tag#0 Add. Sense: Recorded entity not found
[519428.541892] sd 7:0:0:0: [sdc] tag#0 CDB: Read(10) 28 00 00 00 00 00 00 00 01 00
[519428.541894] print_req_error: critical medium error, dev sdc, sector 0
[519428.541901] Buffer I/O error on dev sdc, logical block 0, async page read
```

となった．

cable select では

```
[519753.743948] usb 2-1.2: new high-speed USB device number 22 using ehci-pci
[519753.857249] usb 2-1.2: New USB device found, idVendor=13fd, idProduct=1040
[519753.857252] usb 2-1.2: New USB device strings: Mfr=1, Product=2, SerialNumber=3
[519753.857254] usb 2-1.2: Product: Ø»zÒ¼¡A¡Lq'\xffffffc2\xffffff8bUG
[519753.857255] usb 2-1.2: Manufacturer: Initio
[519753.857256] usb 2-1.2: SerialNumber: 00000000000000000
[519753.857538] usb-storage 2-1.2:1.0: USB Mass Storage device detected
[519753.857835] scsi host7: usb-storage 2-1.2:1.0
[519754.890660] scsi host7: scsi scan: INQUIRY result too short (5), using 36
[519754.890669] scsi 7:0:0:0: Direct-Access                                    PQ: 0 ANSI: 0
[519754.891298] sd 7:0:0:0: Attached scsi generic sg2 type 0
[519754.897642] sd 7:0:0:0: [sdc] Sector size 0 reported, assuming 512.
[519754.897651] sd 7:0:0:0: [sdc] 1 512-byte logical blocks: (512 B/512 B)
[519754.897654] sd 7:0:0:0: [sdc] 0-byte physical blocks
[519754.899496] sd 7:0:0:0: [sdc] Write Protect is off
[519754.899498] sd 7:0:0:0: [sdc] Mode Sense: 00 00 00 00
[519754.902017] sd 7:0:0:0: [sdc] Asking for cache data failed
[519754.902023] sd 7:0:0:0: [sdc] Assuming drive cache: write through
[519754.905892] sd 7:0:0:0: [sdc] Sector size 0 reported, assuming 512.
[519754.945762] sd 7:0:0:0: [sdc] tag#0 FAILED Result: hostbyte=DID_OK driverbyte=DRIVER_SENSE
[519754.945770] sd 7:0:0:0: [sdc] tag#0 Sense Key : Medium Error [current]
[519754.945776] sd 7:0:0:0: [sdc] tag#0 Add. Sense: Recorded entity not found
[519754.945788] sd 7:0:0:0: [sdc] tag#0 CDB: Read(10) 28 00 00 00 00 00 00 00 01 00
[519754.945794] print_req_error: critical medium error, dev sdc, sector 0
[519754.945805] Buffer I/O error on dev sdc, logical block 0, async page read
[519754.977772] sd 7:0:0:0: [sdc] tag#0 FAILED Result: hostbyte=DID_OK driverbyte=DRIVER_SENSE
[519754.977788] sd 7:0:0:0: [sdc] tag#0 Sense Key : Medium Error [current]
[519754.977791] sd 7:0:0:0: [sdc] tag#0 Add. Sense: Recorded entity not found
[519754.977795] sd 7:0:0:0: [sdc] tag#0 CDB: Read(10) 28 00 00 00 00 00 00 00 01 00
[519754.977797] print_req_error: critical medium error, dev sdc, sector 0
[519754.977804] Buffer I/O error on dev sdc, logical block 0, async page read
[519755.013913] sd 7:0:0:0: [sdc] tag#0 FAILED Result: hostbyte=DID_OK driverbyte=DRIVER_SENSE
[519755.013921] sd 7:0:0:0: [sdc] tag#0 Sense Key : Medium Error [current]
[519755.013925] sd 7:0:0:0: [sdc] tag#0 Add. Sense: Recorded entity not found
[519755.013929] sd 7:0:0:0: [sdc] tag#0 CDB: Read(10) 28 00 00 00 00 00 00 00 01 00
[519755.013931] print_req_error: critical medium error, dev sdc, sector 0
[519755.013941] Buffer I/O error on dev sdc, logical block 0, async page read
[519755.013969] ldm_validate_partition_table(): Disk read failed.
[519755.045748] sd 7:0:0:0: [sdc] tag#0 FAILED Result: hostbyte=DID_OK driverbyte=DRIVER_SENSE
[519755.045752] sd 7:0:0:0: [sdc] tag#0 Sense Key : Medium Error [current]
[519755.045754] sd 7:0:0:0: [sdc] tag#0 Add. Sense: Recorded entity not found
[519755.045757] sd 7:0:0:0: [sdc] tag#0 CDB: Read(10) 28 00 00 00 00 00 00 00 01 00
[519755.045759] print_req_error: critical medium error, dev sdc, sector 0
[519755.045765] Buffer I/O error on dev sdc, logical block 0, async page read
[519755.077753] sd 7:0:0:0: [sdc] tag#0 FAILED Result: hostbyte=DID_OK driverbyte=DRIVER_SENSE
[519755.077759] sd 7:0:0:0: [sdc] tag#0 Sense Key : Medium Error [current]
[519755.077763] sd 7:0:0:0: [sdc] tag#0 Add. Sense: Recorded entity not found
[519755.077768] sd 7:0:0:0: [sdc] tag#0 CDB: Read(10) 28 00 00 00 00 00 00 00 01 00
[519755.077771] print_req_error: critical medium error, dev sdc, sector 0
[519755.077778] Buffer I/O error on dev sdc, logical block 0, async page read
[519755.109917] sd 7:0:0:0: [sdc] tag#0 FAILED Result: hostbyte=DID_OK driverbyte=DRIVER_SENSE
[519755.109923] sd 7:0:0:0: [sdc] tag#0 Sense Key : Medium Error [current]
[519755.109926] sd 7:0:0:0: [sdc] tag#0 Add. Sense: Recorded entity not found
[519755.109929] sd 7:0:0:0: [sdc] tag#0 CDB: Read(10) 28 00 00 00 00 00 00 00 01 00
[519755.109932] print_req_error: critical medium error, dev sdc, sector 0
[519755.109939] Buffer I/O error on dev sdc, logical block 0, async page read
[519755.145749] sd 7:0:0:0: [sdc] tag#0 FAILED Result: hostbyte=DID_OK driverbyte=DRIVER_SENSE
[519755.145753] sd 7:0:0:0: [sdc] tag#0 Sense Key : Medium Error [current]
[519755.145755] sd 7:0:0:0: [sdc] tag#0 Add. Sense: Recorded entity not found
[519755.145758] sd 7:0:0:0: [sdc] tag#0 CDB: Read(10) 28 00 00 00 00 00 00 00 01 00
[519755.145760] print_req_error: critical medium error, dev sdc, sector 0
[519755.145766] Buffer I/O error on dev sdc, logical block 0, async page read
[519755.145778] Dev sdc: unable to read RDB block 0
[519755.177897] sd 7:0:0:0: [sdc] tag#0 FAILED Result: hostbyte=DID_OK driverbyte=DRIVER_SENSE
[519755.177904] sd 7:0:0:0: [sdc] tag#0 Sense Key : Medium Error [current]
[519755.177907] sd 7:0:0:0: [sdc] tag#0 Add. Sense: Recorded entity not found
[519755.177912] sd 7:0:0:0: [sdc] tag#0 CDB: Read(10) 28 00 00 00 00 00 00 00 01 00
[519755.177915] print_req_error: critical medium error, dev sdc, sector 0
[519755.177923] Buffer I/O error on dev sdc, logical block 0, async page read
[519755.213890] sd 7:0:0:0: [sdc] tag#0 FAILED Result: hostbyte=DID_OK driverbyte=DRIVER_SENSE
[519755.213894] sd 7:0:0:0: [sdc] tag#0 Sense Key : Medium Error [current]
[519755.213896] sd 7:0:0:0: [sdc] tag#0 Add. Sense: Recorded entity not found
[519755.213900] sd 7:0:0:0: [sdc] tag#0 CDB: Read(10) 28 00 00 00 00 00 00 00 01 00
[519755.213902] print_req_error: critical medium error, dev sdc, sector 0
[519755.213908] Buffer I/O error on dev sdc, logical block 0, async page read
[519755.247019] sd 7:0:0:0: [sdc] tag#0 FAILED Result: hostbyte=DID_OK driverbyte=DRIVER_SENSE
[519755.247027] sd 7:0:0:0: [sdc] tag#0 Sense Key : Medium Error [current]
[519755.247031] sd 7:0:0:0: [sdc] tag#0 Add. Sense: Recorded entity not found
[519755.247037] sd 7:0:0:0: [sdc] tag#0 CDB: Read(10) 28 00 00 00 00 00 00 00 01 00
[519755.247041] print_req_error: critical medium error, dev sdc, sector 0
[519755.247049] Buffer I/O error on dev sdc, logical block 0, async page read
[519755.281791]  sdc: unable to read partition table
[519755.281807] sdc: partition table beyond EOD, enabling native capacity
[519755.286873] sd 7:0:0:0: [sdc] Sector size 0 reported, assuming 512.
[519755.397879] ldm_validate_partition_table(): Disk read failed.
[519755.541790] Dev sdc: unable to read RDB block 0
[519755.682545]  sdc: unable to read partition table
[519755.682562] sdc: partition table beyond EOD, truncated
[519755.688373] sd 7:0:0:0: [sdc] Sector size 0 reported, assuming 512.
[519755.695871] sd 7:0:0:0: [sdc] Attached SCSI disk
```

となった．

slave present では

```
[519950.899839] usb 2-1.2: new high-speed USB device number 23 using ehci-pci
[519951.013209] usb 2-1.2: New USB device found, idVendor=13fd, idProduct=1040
[519951.013211] usb 2-1.2: New USB device strings: Mfr=1, Product=2, SerialNumber=3
[519951.013212] usb 2-1.2: Product: Ø»zÒü±UA¡Ìq&\xffffffc2\xffffff8bÕG
[519951.013213] usb 2-1.2: Manufacturer: Initio
[519951.013214] usb 2-1.2: SerialNumber: 00000000000000000
[519951.013506] usb-storage 2-1.2:1.0: USB Mass Storage device detected
[519951.013847] scsi host7: usb-storage 2-1.2:1.0
[519952.042520] scsi host7: scsi scan: INQUIRY result too short (5), using 36
[519952.042531] scsi 7:0:0:0: Direct-Access                                    PQ: 0 ANSI: 0
[519952.043922] sd 7:0:0:0: Attached scsi generic sg2 type 0
[519952.048416] sd 7:0:0:0: [sdc] Sector size 0 reported, assuming 512.
[519952.048426] sd 7:0:0:0: [sdc] 1 512-byte logical blocks: (512 B/512 B)
[519952.048428] sd 7:0:0:0: [sdc] 0-byte physical blocks
[519952.050346] sd 7:0:0:0: [sdc] Write Protect is off
[519952.050348] sd 7:0:0:0: [sdc] Mode Sense: 00 00 00 00
[519952.053087] sd 7:0:0:0: [sdc] Asking for cache data failed
[519952.053091] sd 7:0:0:0: [sdc] Assuming drive cache: write through
[519952.058118] sd 7:0:0:0: [sdc] Sector size 0 reported, assuming 512.
[519952.098007] scsi_io_completion: 33 callbacks suppressed
[519952.098017] sd 7:0:0:0: [sdc] tag#0 FAILED Result: hostbyte=DID_OK driverbyte=DRIVER_SENSE
[519952.098024] sd 7:0:0:0: [sdc] tag#0 Sense Key : Medium Error [current]
[519952.098027] sd 7:0:0:0: [sdc] tag#0 Add. Sense: Recorded entity not found
[519952.098032] sd 7:0:0:0: [sdc] tag#0 CDB: Read(10) 28 00 00 00 00 00 00 00 01 00
[519952.098034] print_req_error: 33 callbacks suppressed
[519952.098037] print_req_error: critical medium error, dev sdc, sector 0
[519952.098046] buffer_io_error: 32 callbacks suppressed
[519952.098048] Buffer I/O error on dev sdc, logical block 0, async page read
[519952.133968] sd 7:0:0:0: [sdc] tag#0 FAILED Result: hostbyte=DID_OK driverbyte=DRIVER_SENSE
[519952.133972] sd 7:0:0:0: [sdc] tag#0 Sense Key : Medium Error [current]
[519952.133974] sd 7:0:0:0: [sdc] tag#0 Add. Sense: Recorded entity not found
[519952.133978] sd 7:0:0:0: [sdc] tag#0 CDB: Read(10) 28 00 00 00 00 00 00 00 01 00
[519952.133981] print_req_error: critical medium error, dev sdc, sector 0
[519952.133988] Buffer I/O error on dev sdc, logical block 0, async page read
[519952.173248] sd 7:0:0:0: [sdc] tag#0 FAILED Result: hostbyte=DID_OK driverbyte=DRIVER_SENSE
[519952.173258] sd 7:0:0:0: [sdc] tag#0 Sense Key : Medium Error [current]
[519952.173263] sd 7:0:0:0: [sdc] tag#0 Add. Sense: Recorded entity not found
[519952.173270] sd 7:0:0:0: [sdc] tag#0 CDB: Read(10) 28 00 00 00 00 00 00 00 01 00
[519952.173274] print_req_error: critical medium error, dev sdc, sector 0
[519952.173284] Buffer I/O error on dev sdc, logical block 0, async page read
[519952.173311] ldm_validate_partition_table(): Disk read failed.
[519952.205964] sd 7:0:0:0: [sdc] tag#0 FAILED Result: hostbyte=DID_OK driverbyte=DRIVER_SENSE
[519952.205977] sd 7:0:0:0: [sdc] tag#0 Sense Key : Medium Error [current]
[519952.205979] sd 7:0:0:0: [sdc] tag#0 Add. Sense: Recorded entity not found
[519952.205982] sd 7:0:0:0: [sdc] tag#0 CDB: Read(10) 28 00 00 00 00 00 00 00 01 00
[519952.205984] print_req_error: critical medium error, dev sdc, sector 0
[519952.205989] Buffer I/O error on dev sdc, logical block 0, async page read
[519952.241991] sd 7:0:0:0: [sdc] tag#0 FAILED Result: hostbyte=DID_OK driverbyte=DRIVER_SENSE
[519952.241995] sd 7:0:0:0: [sdc] tag#0 Sense Key : Medium Error [current]
[519952.241997] sd 7:0:0:0: [sdc] tag#0 Add. Sense: Recorded entity not found
[519952.242000] sd 7:0:0:0: [sdc] tag#0 CDB: Read(10) 28 00 00 00 00 00 00 00 01 00
[519952.242001] print_req_error: critical medium error, dev sdc, sector 0
[519952.242006] Buffer I/O error on dev sdc, logical block 0, async page read
[519952.278610] sd 7:0:0:0: [sdc] tag#0 FAILED Result: hostbyte=DID_OK driverbyte=DRIVER_SENSE
[519952.278616] sd 7:0:0:0: [sdc] tag#0 Sense Key : Medium Error [current]
[519952.278619] sd 7:0:0:0: [sdc] tag#0 Add. Sense: Recorded entity not found
[519952.278624] sd 7:0:0:0: [sdc] tag#0 CDB: Read(10) 28 00 00 00 00 00 00 00 01 00
[519952.278626] print_req_error: critical medium error, dev sdc, sector 0
[519952.278634] Buffer I/O error on dev sdc, logical block 0, async page read
[519952.313978] sd 7:0:0:0: [sdc] tag#0 FAILED Result: hostbyte=DID_OK driverbyte=DRIVER_SENSE
[519952.313984] sd 7:0:0:0: [sdc] tag#0 Sense Key : Medium Error [current]
[519952.313987] sd 7:0:0:0: [sdc] tag#0 Add. Sense: Recorded entity not found
[519952.313991] sd 7:0:0:0: [sdc] tag#0 CDB: Read(10) 28 00 00 00 00 00 00 00 01 00
[519952.313993] print_req_error: critical medium error, dev sdc, sector 0
[519952.314001] Buffer I/O error on dev sdc, logical block 0, async page read
[519952.314026] Dev sdc: unable to read RDB block 0
[519952.350001] sd 7:0:0:0: [sdc] tag#0 FAILED Result: hostbyte=DID_OK driverbyte=DRIVER_SENSE
[519952.350008] sd 7:0:0:0: [sdc] tag#0 Sense Key : Medium Error [current]
[519952.350012] sd 7:0:0:0: [sdc] tag#0 Add. Sense: Recorded entity not found
[519952.350017] sd 7:0:0:0: [sdc] tag#0 CDB: Read(10) 28 00 00 00 00 00 00 00 01 00
[519952.350021] print_req_error: critical medium error, dev sdc, sector 0
[519952.350030] Buffer I/O error on dev sdc, logical block 0, async page read
[519952.386739] sd 7:0:0:0: [sdc] tag#0 FAILED Result: hostbyte=DID_OK driverbyte=DRIVER_SENSE
[519952.386757] sd 7:0:0:0: [sdc] tag#0 Sense Key : Medium Error [current]
[519952.386760] sd 7:0:0:0: [sdc] tag#0 Add. Sense: Recorded entity not found
[519952.386763] sd 7:0:0:0: [sdc] tag#0 CDB: Read(10) 28 00 00 00 00 00 00 00 01 00
[519952.386766] print_req_error: critical medium error, dev sdc, sector 0
[519952.386772] Buffer I/O error on dev sdc, logical block 0, async page read
[519952.421832] sd 7:0:0:0: [sdc] tag#0 FAILED Result: hostbyte=DID_OK driverbyte=DRIVER_SENSE
[519952.421834] sd 7:0:0:0: [sdc] tag#0 Sense Key : Medium Error [current]
[519952.421836] sd 7:0:0:0: [sdc] tag#0 Add. Sense: Recorded entity not found
[519952.421838] sd 7:0:0:0: [sdc] tag#0 CDB: Read(10) 28 00 00 00 00 00 00 00 01 00
[519952.421840] print_req_error: critical medium error, dev sdc, sector 0
[519952.421844] Buffer I/O error on dev sdc, logical block 0, async page read
[519952.458624]  sdc: unable to read partition table
[519952.458653] sdc: partition table beyond EOD, enabling native capacity
[519952.463596] sd 7:0:0:0: [sdc] Sector size 0 reported, assuming 512.
[519952.584250] ldm_validate_partition_table(): Disk read failed.
```

となつた．
# 12

## 82734

harddisk.  00r から rename した．

```
sudo ddrescue -n -v -r3 /dev/sdc1 mnt/25/12/1.iso mnt/25/12/1.log
GNU ddrescue 1.19
About to copy 1011 MBytes from /dev/sdc1 to mnt/25/12/1.iso.
    Starting positions: infile = 0 B,  outfile = 0 B
    Copy block size: 128 sectors       Initial skip size: 128 sectors
Sector size: 512 Bytes

Press Ctrl-C to interrupt
rescued:     1011 MB,  errsize:       0 B,  current rate:   11008 kB/s
   ipos:     1011 MB,   errors:       0,    average rate:   33722 kB/s
   opos:     1011 MB, run time:      30 s,  successful read:       0 s ago
Finished                                     
ieremius x220a /home/ieremius
sudo ddrescue -n -v -r3 /dev/sdc2 mnt/25/12/2.iso mnt/25/12/2.log                                                                                      
GNU ddrescue 1.19
About to copy 39004 MBytes from /dev/sdc2 to mnt/25/12/2.iso.
    Starting positions: infile = 0 B,  outfile = 0 B
    Copy block size: 128 sectors       Initial skip size: 128 sectors
Sector size: 512 Bytes

Press Ctrl-C to interrupt
rescued:    39004 MB,  errsize:       0 B,  current rate:    9899 kB/s
   ipos:    39004 MB,   errors:       0,    average rate:   28020 kB/s
   opos:    39004 MB, run time:   23.20 m,  successful read:       0 s ago
Finished            
```

`2.iso` を mount できた．中身も概ね揃っている．

## 83029

```
sudo fdisk -l
```

```
Disk /dev/sdc: 37.3 GiB, 40020664320 bytes, 78165360 sectors
Units: sectors of 1 * 512 = 512 bytes
Sector size (logical/physical): 512 bytes / 512 bytes
I/O size (minimum/optimal): 512 bytes / 512 bytes
Disklabel type: dos
Disk identifier: 0x00000000

Device     Boot   Start      End  Sectors   Size Id Type
/dev/sdc1            63  1975994  1975932 964.8M 82 Linux swap / Solaris
/dev/sdc2       1975995 78156224 76180230  36.3G 83 Linux
```

## 83071

```
i=1; dr=12_1; md5sum mnt/25/"$dr"/"$i".iso; md5sum /mnt/iso/2digits/"$dr"/"$i".iso
c9a0bad6bbc6102cf856bfb7cada095f  mnt/25/12_1/1.iso
c9a0bad6bbc6102cf856bfb7cada095f  /mnt/iso/2digits/12_1/1.iso
```

```
i=2; dr=12_1; md5sum mnt/25/"$dr"/"$i".iso; md5sum /mnt/iso/2digits/"$dr"/"$i".iso
67bc03018878edef21f2e3872f0617f8  mnt/25/12_1/2.iso
67bc03018878edef21f2e3872f0617f8  /mnt/iso/2digits/12_1/2.iso

```

```
sudo mount /mnt/iso/2digits/12_1/2.iso mnt/0
```

mount できた．中身も概ね揃つてゐる．

# 13

## 82734

harddisk.  `00N` から rename した．

```
sudo ddrescue -n -v -r3 /dev/sdd1 mnt/25/13/1.iso mnt/25/13/1.log
GNU ddrescue 1.19
About to copy 15020 MBytes from /dev/sdd1 to mnt/25/13/1.iso.
    Starting positions: infile = 0 B,  outfile = 0 B
    Copy block size: 128 sectors       Initial skip size: 128 sectors
Sector size: 512 Bytes

Press Ctrl-C to interrupt
rescued:    15020 MB,  errsize:       0 B,  current rate:    33280 B/s
   ipos:    15020 MB,   errors:       0,    average rate:   18273 kB/s
   opos:    15020 MB, run time:   13.70 m,  successful read:       0 s ago
Finished       
```

`１.iso` を mount できた．中身も概ね揃っている．

## 82029

```
sudo fdisk -l
```

```
Disk /dev/sdc: 14 GiB, 15020457984 bytes, 29336832 sectors
Units: sectors of 1 * 512 = 512 bytes
Sector size (logical/physical): 512 bytes / 512 bytes
I/O size (minimum/optimal): 512 bytes / 512 bytes
Disklabel type: dos
Disk identifier: 0x00000000

Device     Boot Start      End  Sectors Size Id Type
/dev/sdc1          63 29336831 29336769  14G 83 Linux
```

```
sudo ddrescue -n -v -r3 /dev/sdc1 mnt/25/13_1/1.iso mnt/25/13_1/1.log
GNU ddrescue 1.19
About to copy 15020 MBytes from /dev/sdc1 to mnt/25/13_1/1.iso.
    Starting positions: infile = 0 B,  outfile = 0 B
    Copy block size: 128 sectors       Initial skip size: 128 sectors
Sector size: 512 Bytes

Press Ctrl-C to interrupt
rescued:    15020 MB,  errsize:       0 B,  current rate:     688 kB/s
   ipos:    15020 MB,   errors:       0,    average rate:   18475 kB/s
   opos:    15020 MB, run time:   13.55 m,  successful read:       0 s ago
Finished                     
```

```
sudo cp -r /home/ieremius/mnt/25/13_1 /mnt/iso/2digits
```

```
i=1; dr=13_1; md5sum mnt/25/"$dr"/"$i".iso; md5sum /mnt/iso/2digits/"$dr"/"$i".iso                                                                     
e4ea51acebd38271710ef0c9bb07029d  mnt/25/13_1/1.iso
e4ea51acebd38271710ef0c9bb07029d  /mnt/iso/2digits/13_1/1.iso
```

```
sudo mount mnt/25/13_1/1.iso mnt/
```

mount できた．中身も概ね揃つてゐる．

# 14

## 82829

`00s` から rename した．

## 82840

`17`, `18` で Linux につないだが dmesg でも fdisk でも認識されない．

## 83023

`19`, `18` で backup した．

```
sudo ddrescue -n -v -r3 /dev/sdc1 mnt/25/14/1.iso mnt/25/14/1.log                                                                              [3/1976]
GNU ddrescue 1.19
About to copy 12979 MBytes from /dev/sdc1 to mnt/25/14/1.iso.
    Starting positions: infile = 0 B,  outfile = 0 B
    Copy block size: 128 sectors       Initial skip size: 128 sectors
Sector size: 512 Bytes

Press Ctrl-C to interrupt
rescued:    12979 MB,  errsize:       0 B,  current rate:    5494 kB/s
   ipos:    12979 MB,   errors:       0,    average rate:   14699 kB/s
   opos:    12979 MB, run time:   14.71 m,  successful read:       0 s ago
Finished                                     
ieremius x220a /home/ieremius
sudo ddrescue -n -v -r3 /dev/sdc2 mnt/25/14/2.iso mnt/25/14/2.log                                                                                      
[sudo] password for ieremius:
GNU ddrescue 1.19
About to copy 1024 Bytes from /dev/sdc2 to mnt/25/14/2.iso.
    Starting positions: infile = 0 B,  outfile = 0 B
    Copy block size: 128 sectors       Initial skip size: 128 sectors
Sector size: 512 Bytes

Press Ctrl-C to interrupt
rescued:      1024 B,  errsize:       0 B,  current rate:     1024 B/s
   ipos:         0 B,   errors:       0,    average rate:     1024 B/s
   opos:         0 B, run time:       1 s,  successful read:       0 s ago
Finished                                     
ieremius x220a /home/ieremius
sudo ddrescue -n -v -r3 /dev/sdc5 mnt/25/14/5.iso mnt/25/14/5.log                                                                                      
GNU ddrescue 1.19
About to copy 616863 kBytes from /dev/sdc5 to mnt/25/14/5.iso.
    Starting positions: infile = 0 B,  outfile = 0 B
    Copy block size: 128 sectors       Initial skip size: 128 sectors
Sector size: 512 Bytes

Press Ctrl-C to interrupt
rescued:   616863 kB,  errsize:       0 B,  current rate:    4823 kB/s
   ipos:   616824 kB,   errors:       0,    average rate:   10822 kB/s
   opos:   616824 kB, run time:      57 s,  successful read:       0 s ago
Finished
```

## 83024

`1.iso` を mount できた．中身も概ね揃つゐる．

## 83035

```
Disk /dev/sdc: 12.7 GiB, 13601193984 bytes, 26564832 sectors
Units: sectors of 1 * 512 = 512 bytes
Sector size (logical/physical): 512 bytes / 512 bytes
I/O size (minimum/optimal): 512 bytes / 512 bytes
Disklabel type: dos
Disk identifier: 0x8f800000

Device     Boot    Start      End  Sectors   Size Id Type
/dev/sdc1  *          63 25350569 25350507  12.1G 83 Linux
/dev/sdc2       25350570 26555444  1204875 588.3M  5 Extended
/dev/sdc5       25350633 26555444  1204812 588.3M 82 Linux swap / Solaris
```

```
md5sum mnt/25/14/1.iso; md5sum /mnt/iso/2digits/14_2/1.iso
21a5284e94ebfb2f8c08a608f4691496  mnt/25/14/1.iso
21a5284e94ebfb2f8c08a608f4691496  /mnt/iso/2digits/14_2/1.iso
```

```
md5sum mnt/25/14/2.iso; md5sum /mnt/iso/2digits/14_2/2.iso
1a84a74dcfbce86577b3ad30a1c0252a  mnt/25/14/2.iso
1a84a74dcfbce86577b3ad30a1c0252a  /mnt/iso/2digits/14_2/2.iso
```

```
md5sum mnt/25/14/5.iso; md5sum /mnt/iso/2digits/14_2/5.iso
3d78f1ebbbc580cb2bff38004b45af10  mnt/25/14/5.iso
3d78f1ebbbc580cb2bff38004b45af10  /mnt/iso/2digits/14_2/5.iso
```

```
sudo mount /mnt/iso/2digits/14_2/2.iso mnt/0
mount: /mnt/iso/2digits/14_2/2.iso is not a block device (maybe try `-o loop'?)
```

```
sudo mount /mnt/iso/2digits/14_2/5.iso mnt/0
mount: unknown filesystem type 'swap'
```
# 15

## 82843

`00L` から rename した．

`17`, `18` で Linux につないだが dmesg でも fdisk でも認識されない．

## 83203

`19`, `18` で unit not ready. fdisk でも認識されない．．動作音もしない．jumper pin は

- なし (slave)
- master
- cable select

で試した．

# 16

## 82843

`00P` から rename した．

`17`, `18` で Linux につないだが dmesg で unit not ready. fdisk でも認識されない．

## 83203

`19`, `18` で unit not ready. fdisk でも認識されない．．動作音もしない．

jumper pin を master にして `19`, `18` で Linux につないだら認識された．

## 83063

```
Disk /dev/sdc: 233.8 GiB, 251000193024 bytes, 490234752 sectors
Units: sectors of 1 * 512 = 512 bytes
Sector size (logical/physical): 512 bytes / 512 bytes
I/O size (minimum/optimal): 512 bytes / 512 bytes
Disklabel type: dos
Disk identifier: 0xe05cb227

Device     Boot Start       End   Sectors   Size Id Type
/dev/sdc1          63 490223474 490223412 233.8G 83 Linux
```

```
sudo ddrescue -n -v -r3 /dev/sdc1 mnt/25/16/1.iso mnt/25/16/1.log                                                                                      
GNU ddrescue 1.19
About to copy 250994 MBytes from /dev/sdc1 to mnt/25/16/1.iso.
    Starting positions: infile = 0 B,  outfile = 0 B
    Copy block size: 128 sectors       Initial skip size: 128 sectors
Sector size: 512 Bytes

Press Ctrl-C to interrupt
rescued:   250994 MB,  errsize:    118 kB,  current rate:     3640 B/s
   ipos:   132932 MB,   errors:       4,    average rate:    8749 kB/s
   opos:   132932 MB, run time:    7.96 h,  successful read:       0 s ago
Trimming failed blocks... (forwards)
```

```
sudo cp -r /home/ieremius/mnt/25/16 /mnt/iso/2digits
cp: failed to close '/mnt/iso/2digits/16/1.iso': Input/output error
```

```
md5sum mnt/25/16/1.iso; md5sum /mnt/iso/2digits/16/1.iso
c4fd7a8618ac5a9496f40eaf430d0cd4  mnt/25/16/1.iso
c4fd7a8618ac5a9496f40eaf430d0cd4  /mnt/iso/2digits/16/1.iso
```

## 83069

`1.iso` を mount できた．中身も概ね揃つてゐる．

```
sudo ddrescue -n -v -r3 /dev/sdc1 mnt/25/16_1/1.iso mnt/25/16_1/1.log
GNU ddrescue 1.19
About to copy 250994 MBytes from /dev/sdc1 to mnt/25/16_1/1.iso.
    Starting positions: infile = 0 B,  outfile = 0 B
    Copy block size: 128 sectors       Initial skip size: 128 sectors
Sector size: 512 Bytes

Press Ctrl-C to interrupt
rescued:   132928 MB,  errsize:   36864 B,  current rate:     1592 B/s
   ipos:   132928 MB,   errors:       1,    average rate:   28543 kB/s
   opos:   132928 MB, run time:    1.29 h,  successful read:       0 s ago
Copying non-tried blocks... Pass 1 (forwards)zsh: killed     sudo ddrescue -n -v -r3 /dev/sdc1 mnt/25/16_1/1.iso mnt/25/16_1/1.log
```

```
sudo mount mnt/25/16_1/1.iso mnt/0
[sudo] password for ieremius:
mount: wrong fs type, bad option, bad superblock on /dev/loop0,
       missing codepage or helper program, or other error

       In some cases useful info is found in syslog - try
       dmesg | tail or so.
```

```
sudo ddrescue -n -v -r3 /dev/sdd1 mnt/25/16_1/1.iso mnt/25/16_1/1.log                                                                                  
GNU ddrescue 1.19
About to copy 250994 MBytes from /dev/sdd1 to mnt/25/16_1/1.iso.
    Starting positions: infile = 0 B,  outfile = 0 B
    Copy block size: 128 sectors       Initial skip size: 128 sectors
Sector size: 512 Bytes

Press Ctrl-C to interrupt
rescued:   132928 MB,  errsize:   36864 B,  current rate:     1592 B/s
   ipos:   132928 MB,   errors:       1,    average rate:   28162 kB/s
   opos:   132928 MB, run time:    1.31 h,  successful read:       0 s ago
Copying non-tried blocks... Pass 1 (forwards)zsh: killed     sudo ddrescue -n -v -r3 /dev/sdd1 mnt/25/16_1/1.iso mnt/25/16_1/1.log
```

```
sudo mount mnt/25/16_1/1.iso mnt/0
[sudo] password for ieremius:
mount: wrong fs type, bad option, bad superblock on /dev/loop0,
       missing codepage or helper program, or other error

       In some cases useful info is found in syslog - try
       dmesg | tail or so.
```

```
sudo rm -rf mnt/25/16_1                                              
```

# 17

「タイムリー GROOVY HDDをUSB IDE接続3.5/5.25"ドライブ専用 UD-301S 」 ( https://www.amazon.co.jp/dp/B001NKBCK8/ref=pe_492632_159100282_TE_item ) の本体．2017-02-06 購入．

# 18

`17` の AC adapter.

# 19

`17` と同じ商品． 2019-12-24 購入．

# 20

`19` の AC adapter.

# 21

`19` の switch.

# 22

## 83023

`00M` から rename した．

jumper pin が折れてゐる．

## 83027

jumper pin の折れを直した．

```
Disk /dev/sdc: 9.6 GiB, 10242892800 bytes, 20005650 sectors
Units: sectors of 1 * 512 = 512 bytes
Sector size (logical/physical): 512 bytes / 512 bytes
I/O size (minimum/optimal): 512 bytes / 512 bytes
Disklabel type: dos
Disk identifier: 0x1b91c96c

Device     Boot Start      End  Sectors  Size Id Type
/dev/sdc1  *       63 19984859 19984797  9.5G  7 HPFS/NTFS/exFAT
```

```
dr=22; i=1; sudo ddrescue -n -v -r3 /dev/sdc"$i" mnt/25/"$dr"/"$i".iso mnt/25/"$dr"/"$i".log                                                           
GNU ddrescue 1.19
About to copy 10232 MBytes from /dev/sdc1 to mnt/25/22/1.iso.
    Starting positions: infile = 0 B,  outfile = 0 B
    Copy block size: 128 sectors       Initial skip size: 128 sectors
Sector size: 512 Bytes

Press Ctrl-C to interrupt
rescued:    10232 MB,  errsize:       0 B,  current rate:   11418 kB/s
   ipos:    10232 MB,   errors:       0,    average rate:   18304 kB/s
   opos:    10232 MB, run time:    9.31 m,  successful read:       0 s ago
Finished                                     
```

## 83044

```
i=1; md5sum mnt/25/22/"$i".iso; md5sum /mnt/iso/2digits/22_1/"$i".iso
de755a3a0517035b93ff1f96b2869629  mnt/25/22/1.iso
de755a3a0517035b93ff1f96b2869629  /mnt/iso/2digits/22_1/1.iso
```

# 23

## 82023

`00Q` から rename した．

`19`, `18` で backup した．

```
sudo ddrescue -n -v -r3 /dev/sdc1 mnt/25/23/1.iso mnt/25/23/1.log
GNU ddrescue 1.19
About to copy 9722 MBytes from /dev/sdc1 to mnt/25/23/1.iso.
    Starting positions: infile = 0 B,  outfile = 0 B
    Copy block size: 128 sectors       Initial skip size: 128 sectors
Sector size: 512 Bytes

Press Ctrl-C to interrupt
rescued:     9722 MB,  errsize:       0 B,  current rate:   11320 kB/s
   ipos:     9722 MB,   errors:       0,    average rate:   15580 kB/s
   opos:     9722 MB, run time:   10.40 m,  successful read:       0 s ago
Finished                                     
ieremius x220a /home/ieremius
sudo ddrescue -n -v -r3 /dev/sdc2 mnt/25/23/2.iso mnt/25/23/2.log                                                                                      
zsh: corrupt history file /home/ieremius/linux_dotfiles/.zsh_history
ieremius x220a /home/ieremius
sudo ddrescue -n -v -r3 /dev/sdc2 mnt/25/23/2.iso mnt/25/23/2.log
[sudo] password for ieremius:
GNU ddrescue 1.19
About to copy 1024 Bytes from /dev/sdc2 to mnt/25/23/2.iso.
    Starting positions: infile = 0 B,  outfile = 0 B
    Copy block size: 128 sectors       Initial skip size: 128 sectors
Sector size: 512 Bytes

Press Ctrl-C to interrupt
rescued:      1024 B,  errsize:       0 B,  current rate:     1024 B/s
   ipos:         0 B,   errors:       0,    average rate:     1024 B/s
   opos:         0 B, run time:       1 s,  successful read:       0 s ago
Finished                                     
ieremius x220a /home/ieremius
sudo ddrescue -n -v -r3 /dev/sdc5 mnt/25/23/5.iso mnt/25/23/5.log                                                                                      
GNU ddrescue 1.19
About to copy 485259 kBytes from /dev/sdc5 to mnt/25/23/5.iso.
    Starting positions: infile = 0 B,  outfile = 0 B
    Copy block size: 128 sectors       Initial skip size: 128 sectors
Sector size: 512 Bytes
```

## 83025

`1.iso` を mount できた．中身も概ね揃つてゐる．

## 83077

```
Disk /dev/sdc: 9.5 GiB, 10209927168 bytes, 19941264 sectors
Units: sectors of 1 * 512 = 512 bytes
Sector size (logical/physical): 512 bytes / 512 bytes
I/O size (minimum/optimal): 512 bytes / 512 bytes
Disklabel type: dos
Disk identifier: 0x3b286e0c

Device     Boot    Start      End  Sectors   Size Id Type
/dev/sdc1  *          63 18988829 18988767   9.1G 83 Linux
/dev/sdc2       18988830 19936664   947835 462.8M  5 Extended
/dev/sdc5       18988893 19936664   947772 462.8M 82 Linux swap / Solaris
```

```
sudo mkdir mnt/25/23_1
```

```
sudo ddrescue -n -v -r3 /dev/sdc1 mnt/25/23_1/1.iso mnt/25/23_1/1.log                                                                                  
GNU ddrescue 1.19
About to copy 9722 MBytes from /dev/sdc1 to mnt/25/23_1/1.iso.
    Starting positions: infile = 0 B,  outfile = 0 B
    Copy block size: 128 sectors       Initial skip size: 128 sectors
Sector size: 512 Bytes

Press Ctrl-C to interrupt
rescued:     9722 MB,  errsize:       0 B,  current rate:    6471 kB/s
   ipos:     9722 MB,   errors:       0,    average rate:   15605 kB/s
   opos:     9722 MB, run time:   10.38 m,  successful read:       0 s ago
Finished                                     
```

```
i=2; sudo ddrescue -n -v -r3 /dev/sdc"$i" mnt/25/23_1/"$i".iso mnt/25/23_1/"$i".log                                                                    
[sudo] password for ieremius:
GNU ddrescue 1.19
About to copy 1024 Bytes from /dev/sdc2 to mnt/25/23_1/2.iso.
    Starting positions: infile = 0 B,  outfile = 0 B
    Copy block size: 128 sectors       Initial skip size: 128 sectors
Sector size: 512 Bytes

Press Ctrl-C to interrupt
rescued:      1024 B,  errsize:       0 B,  current rate:      341 B/s
   ipos:         0 B,   errors:       0,    average rate:      341 B/s
   opos:         0 B, run time:       3 s,  successful read:       0 s ago
Finished                                     
```

```
i=5; sudo ddrescue -n -v -r3 /dev/sdc"$i" mnt/25/23_1/"$i".iso mnt/25/23_1/"$i".log                                                                    
GNU ddrescue 1.19
About to copy 485259 kBytes from /dev/sdc5 to mnt/25/23_1/5.iso.
    Starting positions: infile = 0 B,  outfile = 0 B
    Copy block size: 128 sectors       Initial skip size: 128 sectors
Sector size: 512 Bytes

Press Ctrl-C to interrupt
rescued:   485259 kB,  errsize:       0 B,  current rate:    7698 kB/s
   ipos:   485228 kB,   errors:       0,    average rate:    9903 kB/s
   opos:   485228 kB, run time:      49 s,  successful read:       0 s ago
Finished                                     
```

```
sudo cp -r mnt/25/23_1 /mnt/iso/2digits
[sudo] password for ieremius:
ieremius x220a /home/ieremius
i=1; md5sum mnt/25/22/"$i".iso; md5sum /mnt/iso/2digits/22_1/"$i".iso
ieremius x220a /home/ieremius
i=1; md5sum mnt/25/23_1/"$i".iso; md5sum /mnt/iso/2digits/23_1/"$i".iso                                                                                
1ddce91e5a2d28ca885fe91283b0a170  mnt/25/23_1/1.iso
1ddce91e5a2d28ca885fe91283b0a170  /mnt/iso/2digits/23_1/1.iso
ieremius x220a /home/ieremius
; md5sum mnt/25/23_1/"$i".iso; md5sum /mnt/iso/2digits/23_1/"$i".iso
ieremius x220a /home/ieremius
i=2; dr=23_1; md5sum mnt/25/"$dr"/"$i".iso; md5sum /mnt/iso/2digits/"$dr"/"$i".iso
0022156e6a5715ff48d4786b326a76ce  mnt/25/23_1/2.iso
0022156e6a5715ff48d4786b326a76ce  /mnt/iso/2digits/23_1/2.iso
ieremius x220a /home/ieremius
i=5; dr=23_1; md5sum mnt/25/"$dr"/"$i".iso; md5sum /mnt/iso/2digits/"$dr"/"$i".iso
d46c9a5eaaa035443f69f643eda121a1  mnt/25/23_1/5.iso
d46c9a5eaaa035443f69f643eda121a1  /mnt/iso/2digits/23_1/5.iso
```

# 24

## 83023

`00O` から rename した．

## 83024

```
Disk /dev/sdc: 37.3 GiB, 40060403712 bytes, 78242976 sectors
Units: sectors of 1 * 512 = 512 bytes
Sector size (logical/physical): 512 bytes / 512 bytes
I/O size (minimum/optimal): 512 bytes / 512 bytes
Disklabel type: dos
Disk identifier: 0x3d0f35f4

Device     Boot    Start      End  Sectors  Size Id Type
/dev/sdc1             63 19532015 19531953  9.3G 83 Linux
/dev/sdc2       19532016 27345023  7813008  3.7G 82 Linux swap / Solaris
/dev/sdc3       27345024 37111535  9766512  4.7G  c W95 FAT32 (LBA)
```

```
sudo ddrescue -n -v -r3 /dev/sdc1 mnt/25/24/1.iso mnt/25/24/1.log                                                                                      
GNU ddrescue 1.19
About to copy 10000 MBytes from /dev/sdc1 to mnt/25/24/1.iso.
    Starting positions: infile = 0 B,  outfile = 0 B
    Copy block size: 128 sectors       Initial skip size: 128 sectors
Sector size: 512 Bytes

Press Ctrl-C to interrupt
rescued:    10000 MB,  errsize:       0 B,  current rate:   16802 kB/s
   ipos:    10000 MB,   errors:       0,    average rate:   27027 kB/s
   opos:    10000 MB, run time:    6.16 m,  successful read:       0 s ago
Finished                                     
```

```
i=2; sudo ddrescue -n -v -r3 /dev/sdc"$i" mnt/25/24/"$i".iso mnt/25/24/"$i".log                                                                        
GNU ddrescue 1.19
About to copy 4000 MBytes from /dev/sdc2 to mnt/25/24/2.iso.
    Starting positions: infile = 0 B,  outfile = 0 B
    Copy block size: 128 sectors       Initial skip size: 128 sectors
Sector size: 512 Bytes

Press Ctrl-C to interrupt
rescued:     4000 MB,  errsize:       0 B,  current rate:   11935 kB/s
   ipos:     4000 MB,   errors:       0,    average rate:   25318 kB/s
   opos:     4000 MB, run time:    2.63 m,  successful read:       0 s ago
Finished                                     
ieremius x220a /home/ieremius
i=3; sudo ddrescue -n -v -r3 /dev/sdc"$i" mnt/25/24/"$i".iso mnt/25/24/"$i".log                                                                        
[sudo] password for ieremius:
GNU ddrescue 1.19
About to copy 5000 MBytes from /dev/sdc3 to mnt/25/24/3.iso.
    Starting positions: infile = 0 B,  outfile = 0 B
    Copy block size: 128 sectors       Initial skip size: 128 sectors
Sector size: 512 Bytes

Press Ctrl-C to interrupt
rescued:     5000 MB,  errsize:       0 B,  current rate:     122 kB/s
   ipos:     5000 MB,   errors:       0,    average rate:   22423 kB/s
   opos:     5000 MB, run time:    3.71 m,  successful read:       0 s ago
Finished                                     
```

## 83045

```
i=1; md5sum mnt/25/24/"$i".iso; md5sum /mnt/iso/2digits/24/"$i".iso
e0533291aa4b890940dc481596380d24  mnt/25/24/1.iso
e0533291aa4b890940dc481596380d24  /mnt/iso/2digits/24/1.iso
```

```
i=2; md5sum mnt/25/24/"$i".iso; md5sum /mnt/iso/2digits/24/"$i".iso
90e39abebd9d74c8704d23e2aeb7022f  mnt/25/24/2.iso
90e39abebd9d74c8704d23e2aeb7022f  /mnt/iso/2digits/24/2.iso
```

```
i=3; md5sum mnt/25/24/"$i".iso; md5sum /mnt/iso/2digits/24/"$i".iso
9eae5014cb987436e69287d1403df2d9  mnt/25/24/3.iso
9eae5014cb987436e69287d1403df2d9  /mnt/iso/2digits/24/3.iso
```

# 25

## 83023

`00t` から rename した．

## 83025

```
i=1; sudo ddrescue -n -v -r3 /dev/sdc"$i" mnt/25/25/"$i".iso mnt/25/25/"$i".log
GNU ddrescue 1.19
About to copy 15020 MBytes from /dev/sdc1 to mnt/25/25/1.iso.
    Starting positions: infile = 0 B,  outfile = 0 B
    Copy block size: 128 sectors       Initial skip size: 128 sectors
Sector size: 512 Bytes

Press Ctrl-C to interrupt
rescued:    15020 MB,  errsize:       0 B,  current rate:    7897 kB/s
   ipos:    15020 MB,   errors:       0,    average rate:   18384 kB/s
   opos:    15020 MB, run time:   13.61 m,  successful read:       0 s ago
Finished                                    

```
